../Drivers/CMSIS/Include/core_cm4.h:2064:26:ITM_SendChar	16	static,ignoring_inline_asm
../Core/Src/main.c:75:5:__io_putchar	16	static
../Core/Src/main.c:87:5:main	16	static
../Core/Src/main.c:175:6:SystemClock_Config	88	static
../Core/Src/main.c:221:13:MX_ETH_Init	8	static
../Core/Src/main.c:270:13:MX_TIM3_Init	32	static
../Core/Src/main.c:315:13:MX_USART3_UART_Init	8	static
../Core/Src/main.c:348:13:MX_USB_OTG_FS_PCD_Init	8	static
../Core/Src/main.c:383:13:MX_GPIO_Init	64	static
../Core/Src/main.c:461:6:HAL_TIM_PeriodElapsedCallback	16	static
../Core/Src/main.c:513:6:Error_Handler	4	static,ignoring_inline_asm
