13:35:54 **** Incremental Build of configuration Debug for project MKS10 ****
make -j4 all 
arm-none-eabi-gcc "../Core/Src/telnet.c" -mcpu=cortex-m4 -std=gnu11 -g3 -DDEBUG -DUSE_HAL_DRIVER -DSTM32F429xx -c -I../Core/Inc -I../Drivers/STM32F4xx_HAL_Driver/Inc -I../Drivers/STM32F4xx_HAL_Driver/Inc/Legacy -I../Drivers/CMSIS/Device/ST/STM32F4xx/Include -I../Drivers/CMSIS/Include -I../LWIP/App -I../LWIP/Target -I../Middlewares/Third_Party/LwIP/src/include -I../Middlewares/Third_Party/LwIP/system -I../Middlewares/Third_Party/FreeRTOS/Source/include -I../Middlewares/Third_Party/FreeRTOS/Source/CMSIS_RTOS -I../Middlewares/Third_Party/FreeRTOS/Source/portable/GCC/ARM_CM4F -I../Drivers/BSP/Components/lan8742 -I../Middlewares/Third_Party/LwIP/src/include/netif/ppp -I../Middlewares/Third_Party/LwIP/src/include/lwip -I../Middlewares/Third_Party/LwIP/src/include/lwip/apps -I../Middlewares/Third_Party/LwIP/src/include/lwip/priv -I../Middlewares/Third_Party/LwIP/src/include/lwip/prot -I../Middlewares/Third_Party/LwIP/src/include/netif -I../Middlewares/Third_Party/LwIP/src/include/compat/posix -I../Middlewares/Third_Party/LwIP/src/include/compat/posix/arpa -I../Middlewares/Third_Party/LwIP/src/include/compat/posix/net -I../Middlewares/Third_Party/LwIP/src/include/compat/posix/sys -I../Middlewares/Third_Party/LwIP/src/include/compat/stdc -I../Middlewares/Third_Party/LwIP/system/arch -I../Middlewares/Third_Party/LwIP/src/apps/http -O0 -ffunction-sections -fdata-sections -Wall -fstack-usage -fcyclomatic-complexity -MMD -MP -MF"Core/Src/telnet.d" -MT"Core/Src/telnet.o" --specs=nano.specs -mfpu=fpv4-sp-d16 -mfloat-abi=hard -mthumb -o "Core/Src/telnet.o"
In file included from ../Core/Src/telnet.c:39:
../Core/Src/telnet.c: In function 'http_client':
../Core/Src/telnet.c:58:48: warning: implicit declaration of function 'strlen' [-Wimplicit-function-declaration]
   58 |                 netconn_write(client, request, strlen(request), NETCONN_COPY);
      |                                                ^~~~~~
../Middlewares/Third_Party/LwIP/src/include/lwip/api.h:349:47: note: in definition of macro 'netconn_write'
  349 |           netconn_write_partly(conn, dataptr, size, apiflags, NULL)
      |                                               ^~~~
../Core/Src/telnet.c:40:1: note: include '<string.h>' or provide a declaration of 'strlen'
   39 | #include "lwip/api.h"
  +++ |+#include <string.h>
   40 | 
../Core/Src/telnet.c:58:48: warning: incompatible implicit declaration of built-in function 'strlen' [-Wbuiltin-declaration-mismatch]
   58 |                 netconn_write(client, request, strlen(request), NETCONN_COPY);
      |                                                ^~~~~~
../Middlewares/Third_Party/LwIP/src/include/lwip/api.h:349:47: note: in definition of macro 'netconn_write'
  349 |           netconn_write_partly(conn, dataptr, size, apiflags, NULL)
      |                                               ^~~~
../Core/Src/telnet.c:58:48: note: include '<string.h>' or provide a declaration of 'strlen'
   58 |                 netconn_write(client, request, strlen(request), NETCONN_COPY);
      |                                                ^~~~~~
../Middlewares/Third_Party/LwIP/src/include/lwip/api.h:349:47: note: in definition of macro 'netconn_write'
  349 |           netconn_write_partly(conn, dataptr, size, apiflags, NULL)
      |                                               ^~~~
../Core/Src/telnet.c: In function 'telnet_process_command':
../Core/Src/telnet.c:75:17: warning: pointer targets in passing argument 1 of 'sprintf' differ in signedness [-Wpointer-sign]
   75 |         sprintf(databuff, "RX: '%s'\r\n", cmd);
      |                 ^~~~~~~~
      |                 |
      |                 uint8_t * {aka unsigned char *}
In file included from ../Middlewares/Third_Party/LwIP/system/arch/cc.h:37,
                 from ../Middlewares/Third_Party/LwIP/src/include/lwip/arch.h:48,
                 from ../Middlewares/Third_Party/LwIP/src/include/lwip/debug.h:40,
                 from ../Middlewares/Third_Party/LwIP/src/include/lwip/opt.h:52,
                 from ../Core/Src/telnet.c:34:
C:\appz\ST\STM32CubeIDE_1.10.1\STM32CubeIDE\plugins\com.st.stm32cube.ide.mcu.externaltools.gnu-tools-for-stm32.13.3.rel1.win32_1.0.0.202411081344\tools\bin/../lib/gcc/arm-none-eabi/13.3.1/../../../../arm-none-eabi/include/stdio.h:250:18: note: expected 'char * restrict' but argument is of type 'uint8_t *' {aka 'unsigned char *'}
  250 | int     sprintf (char *__restrict, const char *__restrict, ...)
      |                  ^
../Core/Src/telnet.c:76:39: warning: incompatible implicit declaration of built-in function 'strlen' [-Wbuiltin-declaration-mismatch]
   76 |         netconn_write(conn, databuff, strlen(databuff), NETCONN_COPY);
      |                                       ^~~~~~
../Middlewares/Third_Party/LwIP/src/include/lwip/api.h:349:47: note: in definition of macro 'netconn_write'
  349 |           netconn_write_partly(conn, dataptr, size, apiflags, NULL)
      |                                               ^~~~
../Core/Src/telnet.c:76:39: note: include '<string.h>' or provide a declaration of 'strlen'
   76 |         netconn_write(conn, databuff, strlen(databuff), NETCONN_COPY);
      |                                       ^~~~~~
../Middlewares/Third_Party/LwIP/src/include/lwip/api.h:349:47: note: in definition of macro 'netconn_write'
  349 |           netconn_write_partly(conn, dataptr, size, apiflags, NULL)
      |                                               ^~~~
../Core/Src/telnet.c:76:46: warning: pointer targets in passing argument 1 of 'strlen' differ in signedness [-Wpointer-sign]
   76 |         netconn_write(conn, databuff, strlen(databuff), NETCONN_COPY);
      |                                              ^~~~~~~~
      |                                              |
      |                                              uint8_t * {aka unsigned char *}
../Middlewares/Third_Party/LwIP/src/include/lwip/api.h:349:47: note: in definition of macro 'netconn_write'
  349 |           netconn_write_partly(conn, dataptr, size, apiflags, NULL)
      |                                               ^~~~
../Core/Src/telnet.c:76:46: note: expected 'const char *' but argument is of type 'uint8_t *' {aka 'unsigned char *'}
   76 |         netconn_write(conn, databuff, strlen(databuff), NETCONN_COPY);
      |                                              ^~~~~~~~
../Middlewares/Third_Party/LwIP/src/include/lwip/api.h:349:47: note: in definition of macro 'netconn_write'
  349 |           netconn_write_partly(conn, dataptr, size, apiflags, NULL)
      |                                               ^~~~
../Core/Src/telnet.c:79:17: warning: implicit declaration of function 'strtok'; did you mean 'strtol'? [-Wimplicit-function-declaration]
   79 |         token = strtok(cmd, " ");
      |                 ^~~~~~
      |                 strtol
../Core/Src/telnet.c:79:15: warning: assignment to 'char *' from 'int' makes pointer from integer without a cast [-Wint-conversion]
   79 |         token = strtok(cmd, " ");
      |               ^
../Core/Src/telnet.c:84:13: warning: implicit declaration of function 'strcasecmp' [-Wimplicit-function-declaration]
   84 |         if (strcasecmp(token, "HELLO") == 0) {
      |             ^~~~~~~~~~
../Core/Src/telnet.c:85:25: warning: pointer targets in passing argument 1 of 'sprintf' differ in signedness [-Wpointer-sign]
   85 |                 sprintf(databuff, "Communication OK \r\n", cmd);
      |                         ^~~~~~~~
      |                         |
      |                         uint8_t * {aka unsigned char *}
C:\appz\ST\STM32CubeIDE_1.10.1\STM32CubeIDE\plugins\com.st.stm32cube.ide.mcu.externaltools.gnu-tools-for-stm32.13.3.rel1.win32_1.0.0.202411081344\tools\bin/../lib/gcc/arm-none-eabi/13.3.1/../../../../arm-none-eabi/include/stdio.h:250:18: note: expected 'char * restrict' but argument is of type 'uint8_t *' {aka 'unsigned char *'}
  250 | int     sprintf (char *__restrict, const char *__restrict, ...)
      |                  ^
../Core/Src/telnet.c:85:35: warning: too many arguments for format [-Wformat-extra-args]
   85 |                 sprintf(databuff, "Communication OK \r\n", cmd);
      |                                   ^~~~~~~~~~~~~~~~~~~~~~~
../Core/Src/telnet.c:86:54: warning: pointer targets in passing argument 1 of 'strlen' differ in signedness [-Wpointer-sign]
   86 |                 netconn_write(conn, databuff, strlen(databuff), NETCONN_COPY);
      |                                                      ^~~~~~~~
      |                                                      |
      |                                                      uint8_t * {aka unsigned char *}
../Middlewares/Third_Party/LwIP/src/include/lwip/api.h:349:47: note: in definition of macro 'netconn_write'
  349 |           netconn_write_partly(conn, dataptr, size, apiflags, NULL)
      |                                               ^~~~
../Core/Src/telnet.c:86:54: note: expected 'const char *' but argument is of type 'uint8_t *' {aka 'unsigned char *'}
   86 |                 netconn_write(conn, databuff, strlen(databuff), NETCONN_COPY);
      |                                                      ^~~~~~~~
../Middlewares/Third_Party/LwIP/src/include/lwip/api.h:349:47: note: in definition of macro 'netconn_write'
  349 |           netconn_write_partly(conn, dataptr, size, apiflags, NULL)
      |                                               ^~~~
../Core/Src/telnet.c:89:23: warning: assignment to 'char *' from 'int' makes pointer from integer without a cast [-Wint-conversion]
   89 |                 token = strtok(NULL, " ");
      |                       ^
../Core/Src/telnet.c:97:23: warning: assignment to 'char *' from 'int' makes pointer from integer without a cast [-Wint-conversion]
   97 |                 token = strtok(NULL, " ");
      |                       ^
../Core/Src/telnet.c:105:23: warning: assignment to 'char *' from 'int' makes pointer from integer without a cast [-Wint-conversion]
  105 |                 token = strtok(NULL, " ");
      |                       ^
../Core/Src/telnet.c:113:23: warning: assignment to 'char *' from 'int' makes pointer from integer without a cast [-Wint-conversion]
  113 |                 token = strtok(NULL, " ");
      |                       ^
../Core/Src/telnet.c:117:25: warning: pointer targets in passing argument 1 of 'sprintf' differ in signedness [-Wpointer-sign]
  117 |                 sprintf(databuff, "LED1 status: '%d'\r\n", LED1_stat);
      |                         ^~~~~~~~
      |                         |
      |                         uint8_t * {aka unsigned char *}
C:\appz\ST\STM32CubeIDE_1.10.1\STM32CubeIDE\plugins\com.st.stm32cube.ide.mcu.externaltools.gnu-tools-for-stm32.13.3.rel1.win32_1.0.0.202411081344\tools\bin/../lib/gcc/arm-none-eabi/13.3.1/../../../../arm-none-eabi/include/stdio.h:250:18: note: expected 'char * restrict' but argument is of type 'uint8_t *' {aka 'unsigned char *'}
  250 | int     sprintf (char *__restrict, const char *__restrict, ...)
      |                  ^
../Core/Src/telnet.c:118:54: warning: pointer targets in passing argument 1 of 'strlen' differ in signedness [-Wpointer-sign]
  118 |                 netconn_write(conn, databuff, strlen(databuff), NETCONN_COPY);
      |                                                      ^~~~~~~~
      |                                                      |
      |                                                      uint8_t * {aka unsigned char *}
../Middlewares/Third_Party/LwIP/src/include/lwip/api.h:349:47: note: in definition of macro 'netconn_write'
  349 |           netconn_write_partly(conn, dataptr, size, apiflags, NULL)
      |                                               ^~~~
../Core/Src/telnet.c:118:54: note: expected 'const char *' but argument is of type 'uint8_t *' {aka 'unsigned char *'}
  118 |                 netconn_write(conn, databuff, strlen(databuff), NETCONN_COPY);
      |                                                      ^~~~~~~~
../Middlewares/Third_Party/LwIP/src/include/lwip/api.h:349:47: note: in definition of macro 'netconn_write'
  349 |           netconn_write_partly(conn, dataptr, size, apiflags, NULL)
      |                                               ^~~~
../Core/Src/telnet.c:119:25: warning: pointer targets in passing argument 1 of 'sprintf' differ in signedness [-Wpointer-sign]
  119 |                 sprintf(databuff, "LED2 status: '%d'\r\n", LED2_stat);
      |                         ^~~~~~~~
      |                         |
      |                         uint8_t * {aka unsigned char *}
C:\appz\ST\STM32CubeIDE_1.10.1\STM32CubeIDE\plugins\com.st.stm32cube.ide.mcu.externaltools.gnu-tools-for-stm32.13.3.rel1.win32_1.0.0.202411081344\tools\bin/../lib/gcc/arm-none-eabi/13.3.1/../../../../arm-none-eabi/include/stdio.h:250:18: note: expected 'char * restrict' but argument is of type 'uint8_t *' {aka 'unsigned char *'}
  250 | int     sprintf (char *__restrict, const char *__restrict, ...)
      |                  ^
../Core/Src/telnet.c:120:54: warning: pointer targets in passing argument 1 of 'strlen' differ in signedness [-Wpointer-sign]
  120 |                 netconn_write(conn, databuff, strlen(databuff), NETCONN_COPY);
      |                                                      ^~~~~~~~
      |                                                      |
      |                                                      uint8_t * {aka unsigned char *}
../Middlewares/Third_Party/LwIP/src/include/lwip/api.h:349:47: note: in definition of macro 'netconn_write'
  349 |           netconn_write_partly(conn, dataptr, size, apiflags, NULL)
      |                                               ^~~~
../Core/Src/telnet.c:120:54: note: expected 'const char *' but argument is of type 'uint8_t *' {aka 'unsigned char *'}
  120 |                 netconn_write(conn, databuff, strlen(databuff), NETCONN_COPY);
      |                                                      ^~~~~~~~
../Middlewares/Third_Party/LwIP/src/include/lwip/api.h:349:47: note: in definition of macro 'netconn_write'
  349 |           netconn_write_partly(conn, dataptr, size, apiflags, NULL)
      |                                               ^~~~
../Core/Src/telnet.c:121:25: warning: pointer targets in passing argument 1 of 'sprintf' differ in signedness [-Wpointer-sign]
  121 |                 sprintf(databuff, "LED3 status: '%d'\r\n", LED3_stat);
      |                         ^~~~~~~~
      |                         |
      |                         uint8_t * {aka unsigned char *}
C:\appz\ST\STM32CubeIDE_1.10.1\STM32CubeIDE\plugins\com.st.stm32cube.ide.mcu.externaltools.gnu-tools-for-stm32.13.3.rel1.win32_1.0.0.202411081344\tools\bin/../lib/gcc/arm-none-eabi/13.3.1/../../../../arm-none-eabi/include/stdio.h:250:18: note: expected 'char * restrict' but argument is of type 'uint8_t *' {aka 'unsigned char *'}
  250 | int     sprintf (char *__restrict, const char *__restrict, ...)
      |                  ^
../Core/Src/telnet.c:122:54: warning: pointer targets in passing argument 1 of 'strlen' differ in signedness [-Wpointer-sign]
  122 |                 netconn_write(conn, databuff, strlen(databuff), NETCONN_COPY);
      |                                                      ^~~~~~~~
      |                                                      |
      |                                                      uint8_t * {aka unsigned char *}
../Middlewares/Third_Party/LwIP/src/include/lwip/api.h:349:47: note: in definition of macro 'netconn_write'
  349 |           netconn_write_partly(conn, dataptr, size, apiflags, NULL)
      |                                               ^~~~
../Core/Src/telnet.c:122:54: note: expected 'const char *' but argument is of type 'uint8_t *' {aka 'unsigned char *'}
  122 |                 netconn_write(conn, databuff, strlen(databuff), NETCONN_COPY);
      |                                                      ^~~~~~~~
../Middlewares/Third_Party/LwIP/src/include/lwip/api.h:349:47: note: in definition of macro 'netconn_write'
  349 |           netconn_write_partly(conn, dataptr, size, apiflags, NULL)
      |                                               ^~~~
../Core/Src/telnet.c:125:29: warning: pointer targets in passing argument 1 of 'http_client' differ in signedness [-Wpointer-sign]
  125 |                 http_client(databuff, 256);
      |                             ^~~~~~~~
      |                             |
      |                             uint8_t * {aka unsigned char *}
../Core/Src/telnet.c:45:31: note: expected 'char *' but argument is of type 'uint8_t *' {aka 'unsigned char *'}
   45 | static void http_client(char *s, uint16_t size)
      |                         ~~~~~~^
../Core/Src/telnet.c:126:54: warning: pointer targets in passing argument 1 of 'strlen' differ in signedness [-Wpointer-sign]
  126 |                 netconn_write(conn, databuff, strlen(databuff), NETCONN_COPY);
      |                                                      ^~~~~~~~
      |                                                      |
      |                                                      uint8_t * {aka unsigned char *}
../Middlewares/Third_Party/LwIP/src/include/lwip/api.h:349:47: note: in definition of macro 'netconn_write'
  349 |           netconn_write_partly(conn, dataptr, size, apiflags, NULL)
      |                                               ^~~~
../Core/Src/telnet.c:126:54: note: expected 'const char *' but argument is of type 'uint8_t *' {aka 'unsigned char *'}
  126 |                 netconn_write(conn, databuff, strlen(databuff), NETCONN_COPY);
      |                                                      ^~~~~~~~
../Middlewares/Third_Party/LwIP/src/include/lwip/api.h:349:47: note: in definition of macro 'netconn_write'
  349 |           netconn_write_partly(conn, dataptr, size, apiflags, NULL)
      |                                               ^~~~
../Core/Src/telnet.c:133:25: warning: pointer targets in passing argument 1 of 'sprintf' differ in signedness [-Wpointer-sign]
  133 |                 sprintf(databuff, "Error\r\n");
      |                         ^~~~~~~~
      |                         |
      |                         uint8_t * {aka unsigned char *}
C:\appz\ST\STM32CubeIDE_1.10.1\STM32CubeIDE\plugins\com.st.stm32cube.ide.mcu.externaltools.gnu-tools-for-stm32.13.3.rel1.win32_1.0.0.202411081344\tools\bin/../lib/gcc/arm-none-eabi/13.3.1/../../../../arm-none-eabi/include/stdio.h:250:18: note: expected 'char * restrict' but argument is of type 'uint8_t *' {aka 'unsigned char *'}
  250 | int     sprintf (char *__restrict, const char *__restrict, ...)
      |                  ^
../Core/Src/telnet.c:134:54: warning: pointer targets in passing argument 1 of 'strlen' differ in signedness [-Wpointer-sign]
  134 |                 netconn_write(conn, databuff, strlen(databuff), NETCONN_COPY);
      |                                                      ^~~~~~~~
      |                                                      |
      |                                                      uint8_t * {aka unsigned char *}
../Middlewares/Third_Party/LwIP/src/include/lwip/api.h:349:47: note: in definition of macro 'netconn_write'
  349 |           netconn_write_partly(conn, dataptr, size, apiflags, NULL)
      |                                               ^~~~
../Core/Src/telnet.c:134:54: note: expected 'const char *' but argument is of type 'uint8_t *' {aka 'unsigned char *'}
  134 |                 netconn_write(conn, databuff, strlen(databuff), NETCONN_COPY);
      |                                                      ^~~~~~~~
../Middlewares/Third_Party/LwIP/src/include/lwip/api.h:349:47: note: in definition of macro 'netconn_write'
  349 |           netconn_write_partly(conn, dataptr, size, apiflags, NULL)
      |                                               ^~~~
arm-none-eabi-gcc -o "MKS10.elf" @"objects.list"   -mcpu=cortex-m4 -T"C:\Temp\268094\MKS\MKS10\STM32F429ZITX_FLASH.ld" --specs=nosys.specs -Wl,-Map="MKS10.map" -Wl,--gc-sections -static --specs=nano.specs -mfpu=fpv4-sp-d16 -mfloat-abi=hard -mthumb -Wl,--start-group -lc -lm -Wl,--end-group
Finished building target: MKS10.elf
 
arm-none-eabi-size  MKS10.elf 
arm-none-eabi-objdump -h -S MKS10.elf  > "MKS10.list"
   text	   data	    bss	    dec	    hex	filename
 164244	    144	  71352	 235740	  398dc	MKS10.elf
Finished building: default.size.stdout
 
Finished building: MKS10.list
 

13:35:58 Build Finished. 0 errors, 25 warnings. (took 3s.585ms)

